
 RUN  v1.6.1 /home/femi-john/Documents/Drip/Callora-Frontend

stdout | src/components/RatingHistogram.test.tsx > RatingHistogram > renders children correctly
Rendering RatingHistogram, isVisible: false

stdout | src/components/RatingHistogram.test.tsx > RatingHistogram > shows tooltip on mouse enter and hides on mouse leave
Rendering RatingHistogram, isVisible: false

stdout | src/components/RatingHistogram.test.tsx > RatingHistogram > shows tooltip on long press (touch)
Rendering RatingHistogram, isVisible: false

stdout | src/components/RatingHistogram.test.tsx > RatingHistogram > uses provided distribution data
Rendering RatingHistogram, isVisible: false

 ❯ src/components/RatingHistogram.test.tsx  (4 tests | 3 failed) 3333ms
   ❯ src/components/RatingHistogram.test.tsx > RatingHistogram > shows tooltip on mouse enter and hides on mouse leave
     → Unable to find role="tooltip"

Ignored nodes: comments, script, style
[36m<body>[39m
  [36m<div>[39m
    [36m<div[39m
      [33mclass[39m=[32m"rating-histogram-trigger"[39m
      [33mstyle[39m=[32m"position: relative; display: inline-flex; align-items: center;"[39m
    [36m>[39m
      [0mHover me[0m
    [36m</div>[39m
  [36m</div>[39m
[36m</body>[39m

Ignored nodes: comments, script, style
[36m<body>[39m
  [36m<div>[39m
    [36m<div[39m
      [33mclass[39m=[32m"rating-histogram-trigger"[39m
      [33mstyle[39m=[32m"position: relative; display: inline-flex; align-items: center;"[39m
    [36m>[39m
      [0mHover me[0m
    [36m</div>[39m
  [36m</div>[39m
[36m</body>[39m
   ❯ src/components/RatingHistogram.test.tsx > RatingHistogram > shows tooltip on long press (touch)
     → Unable to find role="tooltip"

Ignored nodes: comments, script, style
[36m<body>[39m
  [36m<div>[39m
    [36m<div[39m
      [33mclass[39m=[32m"rating-histogram-trigger"[39m
      [33mstyle[39m=[32m"position: relative; display: inline-flex; align-items: center;"[39m
    [36m>[39m
      [0mTouch me[0m
    [36m</div>[39m
  [36m</div>[39m
[36m</body>[39m

Ignored nodes: comments, script, style
[36m<body>[39m
  [36m<div>[39m
    [36m<div[39m
      [33mclass[39m=[32m"rating-histogram-trigger"[39m
      [33mstyle[39m=[32m"position: relative; display: inline-flex; align-items: center;"[39m
    [36m>[39m
      [0mTouch me[0m
    [36m</div>[39m
  [36m</div>[39m
[36m</body>[39m
   ❯ src/components/RatingHistogram.test.tsx > RatingHistogram > uses provided distribution data
     → Unable to find role="tooltip"

Ignored nodes: comments, script, style
[36m<body>[39m
  [36m<div>[39m
    [36m<div[39m
      [33mclass[39m=[32m"rating-histogram-trigger"[39m
      [33mstyle[39m=[32m"position: relative; display: inline-flex; align-items: center;"[39m
    [36m>[39m
      [0mHover me[0m
    [36m</div>[39m
  [36m</div>[39m
[36m</body>[39m

Ignored nodes: comments, script, style
[36m<body>[39m
  [36m<div>[39m
    [36m<div[39m
      [33mclass[39m=[32m"rating-histogram-trigger"[39m
      [33mstyle[39m=[32m"position: relative; display: inline-flex; align-items: center;"[39m
    [36m>[39m
      [0mHover me[0m
    [36m</div>[39m
  [36m</div>[39m
[36m</body>[39m

⎯⎯⎯⎯⎯⎯⎯ Failed Tests 3 ⎯⎯⎯⎯⎯⎯⎯

 FAIL  src/components/RatingHistogram.test.tsx > RatingHistogram > shows tooltip on mouse enter and hides on mouse leave
TestingLibraryElementError: Unable to find role="tooltip"

Ignored nodes: comments, script, style
[36m<body>[39m
  [36m<div>[39m
    [36m<div[39m
      [33mclass[39m=[32m"rating-histogram-trigger"[39m
      [33mstyle[39m=[32m"position: relative; display: inline-flex; align-items: center;"[39m
    [36m>[39m
      [0mHover me[0m
    [36m</div>[39m
  [36m</div>[39m
[36m</body>[39m

Ignored nodes: comments, script, style
[36m<body>[39m
  [36m<div>[39m
    [36m<div[39m
      [33mclass[39m=[32m"rating-histogram-trigger"[39m
      [33mstyle[39m=[32m"position: relative; display: inline-flex; align-items: center;"[39m
    [36m>[39m
      [0mHover me[0m
    [36m</div>[39m
  [36m</div>[39m
[36m</body>[39m
 ❯ waitForWrapper node_modules/@testing-library/dom/dist/wait-for.js:163:27
 ❯ node_modules/@testing-library/dom/dist/query-helpers.js:86:33
 ❯ src/components/RatingHistogram.test.tsx:26:25
     24|     // Trigger mouse enter
     25|     fireEvent.mouseOver(trigger);
     26|     expect(await screen.findByRole("tooltip")).toBeDefined();
       |                         ^
     27|     expect(screen.getByText("4.5")).toBeDefined();
     28|     

⎯⎯⎯⎯⎯⎯⎯⎯⎯⎯⎯⎯⎯⎯⎯⎯⎯⎯⎯⎯⎯⎯⎯⎯[1/3]⎯

 FAIL  src/components/RatingHistogram.test.tsx > RatingHistogram > shows tooltip on long press (touch)
TestingLibraryElementError: Unable to find role="tooltip"

Ignored nodes: comments, script, style
[36m<body>[39m
  [36m<div>[39m
    [36m<div[39m
      [33mclass[39m=[32m"rating-histogram-trigger"[39m
      [33mstyle[39m=[32m"position: relative; display: inline-flex; align-items: center;"[39m
    [36m>[39m
      [0mTouch me[0m
    [36m</div>[39m
  [36m</div>[39m
[36m</body>[39m

Ignored nodes: comments, script, style
[36m<body>[39m
  [36m<div>[39m
    [36m<div[39m
      [33mclass[39m=[32m"rating-histogram-trigger"[39m
      [33mstyle[39m=[32m"position: relative; display: inline-flex; align-items: center;"[39m
    [36m>[39m
      [0mTouch me[0m
    [36m</div>[39m
  [36m</div>[39m
[36m</body>[39m
 ❯ waitForWrapper node_modules/@testing-library/dom/dist/wait-for.js:163:27
 ❯ node_modules/@testing-library/dom/dist/query-helpers.js:86:33
 ❯ src/components/RatingHistogram.test.tsx:46:25
     44|     
     45|     // Wait for the long press duration
     46|     expect(await screen.findByRole("tooltip", undefined, { timeout: 10…
       |                         ^
     47|     
     48|     // Trigger touch end

⎯⎯⎯⎯⎯⎯⎯⎯⎯⎯⎯⎯⎯⎯⎯⎯⎯⎯⎯⎯⎯⎯⎯⎯[2/3]⎯

 FAIL  src/components/RatingHistogram.test.tsx > RatingHistogram > uses provided distribution data
TestingLibraryElementError: Unable to find role="tooltip"

Ignored nodes: comments, script, style
[36m<body>[39m
  [36m<div>[39m
    [36m<div[39m
      [33mclass[39m=[32m"rating-histogram-trigger"[39m
      [33mstyle[39m=[32m"position: relative; display: inline-flex; align-items: center;"[39m
    [36m>[39m
      [0mHover me[0m
    [36m</div>[39m
  [36m</div>[39m
[36m</body>[39m

Ignored nodes: comments, script, style
[36m<body>[39m
  [36m<div>[39m
    [36m<div[39m
      [33mclass[39m=[32m"rating-histogram-trigger"[39m
      [33mstyle[39m=[32m"position: relative; display: inline-flex; align-items: center;"[39m
    [36m>[39m
      [0mHover me[0m
    [36m</div>[39m
  [36m</div>[39m
[36m</body>[39m
 ❯ waitForWrapper node_modules/@testing-library/dom/dist/wait-for.js:163:27
 ❯ node_modules/@testing-library/dom/dist/query-helpers.js:86:33
 ❯ src/components/RatingHistogram.test.tsx:67:18
     65|     
     66|     // Wait for tooltip to appear
     67|     await screen.findByRole("tooltip");
       |                  ^
     68| 
     69|     // Find rows and verify counts are rendered

⎯⎯⎯⎯⎯⎯⎯⎯⎯⎯⎯⎯⎯⎯⎯⎯⎯⎯⎯⎯⎯⎯⎯⎯[3/3]⎯

 Test Files  1 failed (1)
      Tests  3 failed | 1 passed (4)
   Start at  23:15:10
   Duration  7.13s (transform 620ms, setup 1ms, collect 1.05s, tests 3.33s, environment 1.56s, prepare 456ms)

